// Jest Snapshot v1, https://goo.gl/fbAQLP

exports[`Header matches snapshot 1`] = `
<Fragment>
  <Header__StyledHeader>
    <h1>
      IdeaBox
    </h1>
    <IdeaCardForm />
  </Header__StyledHeader>
</Fragment>
`;
