// Jest Snapshot v1, https://goo.gl/fbAQLP

exports[`IdeaCard matches snapshot 1`] = `ShallowWrapper {}`;
