// Jest Snapshot v1, https://goo.gl/fbAQLP

exports[`IdeaCardForm matches snapshot 1`] = `ShallowWrapper {}`;
